// Jest Snapshot v1, https://goo.gl/fbAQLP

exports[`<SignupLoginContainer/> SignupLoginContainer container should match snapshots if user is logging in 1`] = `
<Fragment>
  <div
    className="SignupLoginContainer"
  >
    <Login
      isLoggingInOrSigningUp={true}
    />
    <span>
      or
    </span>
    <Signup
      isLoggingInOrSigningUp={false}
    />
  </div>
</Fragment>
`;

exports[`<SignupLoginContainer/> SignupLoginContainer container should match snapshots if user is signing up 1`] = `
<Fragment>
  <div
    className="SignupLoginContainer"
  >
    <Login
      isLoggingInOrSigningUp={true}
    />
    <span>
      or
    </span>
    <Signup
      isLoggingInOrSigningUp={false}
    />
  </div>
</Fragment>
`;
